// Jest Snapshot v1, https://goo.gl/fbAQLP

exports[`renders the coach page component correctly 1`] = `<div />`;
