// Jest Snapshot v1, https://goo.gl/fbAQLP

exports[`renders the find coach component correctly 1`] = `<div />`;
