// Jest Snapshot v1, https://goo.gl/fbAQLP

exports[`renders the event card component correctly 1`] = `
<div>
  <div
    class="cardContainer"
  >
    <div>
      POTATOES
    </div>
    <div>
      <span
        aria-label="calendar icon for time"
        role="img"
      >
        ðŸ“†
      </span>
       
      12/4/2069
    </div>
    <div>
      <span
        aria-label="pin icon for location"
        role="img"
      >
        ðŸ“Œ
      </span>
       
      Slovakia
    </div>
    <div>
      volume supply poor tongue camp decide mirror turn trunk fully everything parts realize pony shelter see crop numeral clay doubt brush track great cabin
    </div>
    <div>
      Larry Cohen
    </div>
  </div>
</div>
`;
